// Jest Snapshot v1, https://goo.gl/fbAQLP

exports[`matches snapshot [Snapshot Testing] 1`] = `
<DocumentFragment>
  <div
    class="mt-4 h-screen"
  />
</DocumentFragment>
`;
