// Jest Snapshot v1, https://goo.gl/fbAQLP

exports[`CourseDiscussion component matches snapshot 1`] = `
<DocumentFragment>
  <div
    class="mantine-Stack-root mantine-14a2ivw"
  >
    <div
      class="mantine-Paper-root cursor-pointer transition-shadow duration-300 hover:shadow-lg mantine-ve80bc"
    >
      <div
        class="mantine-6gi1dm"
      >
        <div
          class="mantine-Skeleton-root mantine-Skeleton-visible mantine-1g2btt6"
        />
        <div
          class="mantine-Skeleton-root mantine-Skeleton-visible mantine-8vpxi4"
        />
      </div>
      <div
        class="mantine-Skeleton-root mantine-Skeleton-visible mantine-teg7ze"
      />
      <div
        class="mantine-zaiwzp"
      >
        <div
          class="mantine-879la3"
        >
          <div
            class="mantine-Skeleton-root mantine-Skeleton-visible mantine-1cnh4f3"
          />
          <div
            class="mantine-Skeleton-root mantine-Skeleton-visible mantine-zb0aoa"
          />
        </div>
        <div
          class="mantine-Skeleton-root mantine-Skeleton-visible mantine-8vpxi4"
        />
      </div>
      <div
        class="mantine-Divider-root mantine-Divider-horizontal mantine-tk6l3h"
        role="separator"
      />
      <div
        class="mantine-hpmcve"
      >
        <div
          class="mantine-mkrj5s"
        >
          <svg
            class="icon icon-tabler icon-tabler-message"
            fill="none"
            height="24"
            stroke="currentColor"
            stroke-linecap="round"
            stroke-linejoin="round"
            stroke-width="1.5"
            viewBox="0 0 24 24"
            width="24"
            xmlns="http://www.w3.org/2000/svg"
          >
            <path
              d="M0 0h24v24H0z"
              fill="none"
              stroke="none"
            />
            <path
              d="M4 21v-13a3 3 0 0 1 3 -3h10a3 3 0 0 1 3 3v6a3 3 0 0 1 -3 3h-9l-4 4"
            />
            <line
              x1="8"
              x2="16"
              y1="9"
              y2="9"
            />
            <line
              x1="8"
              x2="14"
              y1="13"
              y2="13"
            />
          </svg>
          <div
            class="mantine-Skeleton-root mantine-Skeleton-visible mantine-1hf0hzn"
          />
          <svg
            class="ml-2"
            fill="none"
            height="24"
            stroke="red"
            stroke-linecap="round"
            stroke-linejoin="round"
            stroke-width="1.5"
            viewBox="0 0 24 24"
            width="24"
            xmlns="http://www.w3.org/2000/svg"
          >
            <path
              d="M0 0h24v24H0z"
              fill="none"
              stroke="none"
            />
            <path
              d="M19.5 12.572l-7.5 7.428l-7.5 -7.428m0 0a5 5 0 1 1 7.5 -6.566a5 5 0 1 1 7.5 6.572"
            />
          </svg>
          <div
            class="mantine-Skeleton-root mantine-Skeleton-visible mantine-1hf0hzn"
          />
        </div>
        <div
          class="mantine-Skeleton-root mantine-Skeleton-visible mantine-8vpxi4"
        />
      </div>
    </div>
    <div
      class="mantine-Paper-root cursor-pointer transition-shadow duration-300 hover:shadow-lg mantine-ve80bc"
    >
      <div
        class="mantine-6gi1dm"
      >
        <div
          class="mantine-Skeleton-root mantine-Skeleton-visible mantine-1g2btt6"
        />
        <div
          class="mantine-Skeleton-root mantine-Skeleton-visible mantine-8vpxi4"
        />
      </div>
      <div
        class="mantine-Skeleton-root mantine-Skeleton-visible mantine-teg7ze"
      />
      <div
        class="mantine-zaiwzp"
      >
        <div
          class="mantine-879la3"
        >
          <div
            class="mantine-Skeleton-root mantine-Skeleton-visible mantine-1cnh4f3"
          />
          <div
            class="mantine-Skeleton-root mantine-Skeleton-visible mantine-zb0aoa"
          />
        </div>
        <div
          class="mantine-Skeleton-root mantine-Skeleton-visible mantine-8vpxi4"
        />
      </div>
      <div
        class="mantine-Divider-root mantine-Divider-horizontal mantine-tk6l3h"
        role="separator"
      />
      <div
        class="mantine-hpmcve"
      >
        <div
          class="mantine-mkrj5s"
        >
          <svg
            class="icon icon-tabler icon-tabler-message"
            fill="none"
            height="24"
            stroke="currentColor"
            stroke-linecap="round"
            stroke-linejoin="round"
            stroke-width="1.5"
            viewBox="0 0 24 24"
            width="24"
            xmlns="http://www.w3.org/2000/svg"
          >
            <path
              d="M0 0h24v24H0z"
              fill="none"
              stroke="none"
            />
            <path
              d="M4 21v-13a3 3 0 0 1 3 -3h10a3 3 0 0 1 3 3v6a3 3 0 0 1 -3 3h-9l-4 4"
            />
            <line
              x1="8"
              x2="16"
              y1="9"
              y2="9"
            />
            <line
              x1="8"
              x2="14"
              y1="13"
              y2="13"
            />
          </svg>
          <div
            class="mantine-Skeleton-root mantine-Skeleton-visible mantine-1hf0hzn"
          />
          <svg
            class="ml-2"
            fill="none"
            height="24"
            stroke="red"
            stroke-linecap="round"
            stroke-linejoin="round"
            stroke-width="1.5"
            viewBox="0 0 24 24"
            width="24"
            xmlns="http://www.w3.org/2000/svg"
          >
            <path
              d="M0 0h24v24H0z"
              fill="none"
              stroke="none"
            />
            <path
              d="M19.5 12.572l-7.5 7.428l-7.5 -7.428m0 0a5 5 0 1 1 7.5 -6.566a5 5 0 1 1 7.5 6.572"
            />
          </svg>
          <div
            class="mantine-Skeleton-root mantine-Skeleton-visible mantine-1hf0hzn"
          />
        </div>
        <div
          class="mantine-Skeleton-root mantine-Skeleton-visible mantine-8vpxi4"
        />
      </div>
    </div>
    <div
      class="mantine-Paper-root cursor-pointer transition-shadow duration-300 hover:shadow-lg mantine-ve80bc"
    >
      <div
        class="mantine-6gi1dm"
      >
        <div
          class="mantine-Skeleton-root mantine-Skeleton-visible mantine-1g2btt6"
        />
        <div
          class="mantine-Skeleton-root mantine-Skeleton-visible mantine-8vpxi4"
        />
      </div>
      <div
        class="mantine-Skeleton-root mantine-Skeleton-visible mantine-teg7ze"
      />
      <div
        class="mantine-zaiwzp"
      >
        <div
          class="mantine-879la3"
        >
          <div
            class="mantine-Skeleton-root mantine-Skeleton-visible mantine-1cnh4f3"
          />
          <div
            class="mantine-Skeleton-root mantine-Skeleton-visible mantine-zb0aoa"
          />
        </div>
        <div
          class="mantine-Skeleton-root mantine-Skeleton-visible mantine-8vpxi4"
        />
      </div>
      <div
        class="mantine-Divider-root mantine-Divider-horizontal mantine-tk6l3h"
        role="separator"
      />
      <div
        class="mantine-hpmcve"
      >
        <div
          class="mantine-mkrj5s"
        >
          <svg
            class="icon icon-tabler icon-tabler-message"
            fill="none"
            height="24"
            stroke="currentColor"
            stroke-linecap="round"
            stroke-linejoin="round"
            stroke-width="1.5"
            viewBox="0 0 24 24"
            width="24"
            xmlns="http://www.w3.org/2000/svg"
          >
            <path
              d="M0 0h24v24H0z"
              fill="none"
              stroke="none"
            />
            <path
              d="M4 21v-13a3 3 0 0 1 3 -3h10a3 3 0 0 1 3 3v6a3 3 0 0 1 -3 3h-9l-4 4"
            />
            <line
              x1="8"
              x2="16"
              y1="9"
              y2="9"
            />
            <line
              x1="8"
              x2="14"
              y1="13"
              y2="13"
            />
          </svg>
          <div
            class="mantine-Skeleton-root mantine-Skeleton-visible mantine-1hf0hzn"
          />
          <svg
            class="ml-2"
            fill="none"
            height="24"
            stroke="red"
            stroke-linecap="round"
            stroke-linejoin="round"
            stroke-width="1.5"
            viewBox="0 0 24 24"
            width="24"
            xmlns="http://www.w3.org/2000/svg"
          >
            <path
              d="M0 0h24v24H0z"
              fill="none"
              stroke="none"
            />
            <path
              d="M19.5 12.572l-7.5 7.428l-7.5 -7.428m0 0a5 5 0 1 1 7.5 -6.566a5 5 0 1 1 7.5 6.572"
            />
          </svg>
          <div
            class="mantine-Skeleton-root mantine-Skeleton-visible mantine-1hf0hzn"
          />
        </div>
        <div
          class="mantine-Skeleton-root mantine-Skeleton-visible mantine-8vpxi4"
        />
      </div>
    </div>
  </div>
</DocumentFragment>
`;
